<html>
<body>
<pre>
<h1>µVision Build Log</h1>
<h2>Tool Versions:</h2>
IDE-Version: µVision V5.35.0.0
Copyright (C) 2021 ARM Ltd and ARM Germany GmbH. All rights reserved.
License Information: S B, TU Braunschweig, LIC=----
 
Tool Versions:
Toolchain:       MDK-Lite  Version: 5.35.0.2
Toolchain Path:  C:\Keil_v5\ARM\ARMCC\Bin
C Compiler:      Armcc.exe V5.06 update 7 (build 960)
Assembler:       Armasm.exe V5.06 update 7 (build 960)
Linker/Locator:  ArmLink.exe V5.06 update 7 (build 960)
Library Manager: ArmAr.exe V5.06 update 7 (build 960)
Hex Converter:   FromElf.exe V5.06 update 7 (build 960)
CPU DLL:         SARMCM3.DLL V5.35.0.2
Dialog DLL:      DARMCM1.DLL V1.19.4.0
Target DLL:      STLink\ST-LINKIII-KEIL_SWO.dll V3.0.9.0
Dialog DLL:      TARMCM1.DLL V1.14.4.0
 
<h2>Project:</h2>
C:\Users\steff\Documents\Garten\G-House\STM32F030R8\GHouse\MDK-ARM\GHouse.uvprojx
Project File Date:  05/03/2022

<h2>Output:</h2>
*** Using Compiler 'V5.06 update 7 (build 960)', folder: 'C:\Keil_v5\ARM\ARMCC\Bin'
Build target 'GHouse'
compiling main.c...
../Core/Src/main.c(121): warning:  #1295-D: Deprecated declaration setup_DataDisplay_LCD - give arg types
  void setup_DataDisplay_LCD();
../Core/Src/main.c(124): warning:  #1295-D: Deprecated declaration send_GSM_Data - give arg types
  void send_GSM_Data();
../Core/Src/main.c(127): warning:  #1295-D: Deprecated declaration reset_A6 - give arg types
  void reset_A6();
../Core/Src/main.c(465): warning:  #177-D: variable "nl"  was declared but never referenced
  		char nl[] = "\n";
../Core/Src/main.c(592): warning:  #167-D: argument of type "uint8_t *" is incompatible with parameter of type "const char *"
  	send_String_A6((uint8_t *)ctrlZ, 2000);
../Core/Src/main.c(608): warning:  #167-D: argument of type "volatile uint8_t *" is incompatible with parameter of type "void *"
  	memset(buf,0,sizeof(buf));
../Core/Src/main.c(610): warning:  #167-D: argument of type "volatile uint8_t *" is incompatible with parameter of type "void *"
  		memset(buf,0,sizeof(buf));
../Core/Src/main.c(615): warning:  #167-D: argument of type "volatile uint8_t *" is incompatible with parameter of type "uint8_t *"
  		HAL_UART_Receive_IT (&gsmUART, buf, sizeof(buf));
../Core/Src/main.c(641): warning:  #167-D: argument of type "volatile uint8_t *" is incompatible with parameter of type "void *"
  	memset(buf, 0,sizeof(buf));
../Core/Src/main.c(646): warning:  #167-D: argument of type "volatile uint8_t *" is incompatible with parameter of type "uint8_t *"
  	HAL_UART_Receive_IT (&gsmUART, buf, sizeof(buf));
../Core/Src/main.c(637): warning:  #177-D: variable "buf2"  was declared but never referenced
  	uint8_t buf2[200] = {0};
../Core/Src/main.c: 11 warnings, 0 errors
linking...
Program Size: Code=16488 RO-data=400 RW-data=116 ZI-data=1892  
FromELF: creating hex file...
"GHouse\GHouse.axf" - 0 Error(s), 11 Warning(s).

<h2>Software Packages used:</h2>

Package Vendor: ARM
                http://www.keil.com/pack/ARM.CMSIS.5.8.0.pack
                ARM.CMSIS.5.8.0
                CMSIS (Common Microcontroller Software Interface Standard)
   * Component: CORE Version: 5.5.0

Package Vendor: Keil
                http://www.keil.com/pack/Keil.STM32F0xx_DFP.2.1.0.pack
                Keil.STM32F0xx_DFP.2.1.0
                STMicroelectronics STM32F0 Series Device Support, Drivers and Examples

<h2>Collection of Component include folders:</h2>
  .\RTE\_GHouse
  C:\Users\steff\AppData\Local\Arm\Packs\ARM\CMSIS\5.8.0\CMSIS\Core\Include
  C:\Users\steff\AppData\Local\Arm\Packs\Keil\STM32F0xx_DFP\2.1.0\Drivers\CMSIS\Device\ST\STM32F0xx\Include

<h2>Collection of Component Files used:</h2>

   * Component: ARM::CMSIS:CORE:5.5.0
      Include file:  CMSIS\Core\Include\tz_context.h
Build Time Elapsed:  00:00:01
</pre>
</body>
</html>
